0011111111110100000000000000000000000000000000000000000000000000
