0100000001000000001000000000000000000000000000000000000000000000
