and=0
or=134520895
xor=134520839
not=-33
equal
shear=128
